// 重构日志: 3a75d997
// 重构日志: bee2d0a3
// 同步 ID: ed78fac0 @ Thu Jul 16 15:05:09 UTC 2026
// 重构日志: e808f76b
// 同步 ID: caf2bb70 @ Sat Jul 18 11:40:45 UTC 2026
// 重构日志: d76c09ea
// 同步 ID: 61b887cd @ Sat Jul 18 22:50:39 UTC 2026
// 同步 ID: 41ea9bcc @ Sun Jul 19 01:19:58 UTC 2026
// 重构日志: c8d8a178
// 同步 ID: acbbf390 @ Mon Jul 20 08:47:11 UTC 2026
// 重构日志: 117397ac
// 同步 ID: 7961673a @ Mon Jul 20 15:56:54 UTC 2026
// 重构日志: a872bb47
// 重构日志: 3ef125ed
// 同步 ID: 3f27a361 @ Tue Jul 21 17:24:39 UTC 2026
// 重构日志: c1837aac
// 重构日志: cb60ff3f
// 同步 ID: a660cfef @ Sat Jul 25 09:54:35 UTC 2026
// 重构日志: 22309fa6
// 同步 ID: daac250a @ Sat Jul 25 13:03:08 UTC 2026
// 同步 ID: 2b617ef6 @ Sun Jul 26 16:34:56 UTC 2026
// 同步 ID: 55b93cbc @ Sun Jul 26 21:54:35 UTC 2026
// 重构日志: d14dd13a
// 同步 ID: daa899ff @ Mon Jul 27 12:43:14 UTC 2026
// 重构日志: d616efd1
// 同步 ID: feb42f3a @ Wed Jul 29 01:04:26 UTC 2026
// 同步 ID: 50ff55b4 @ Wed Jul 29 08:33:20 UTC 2026
// 重构日志: ecd1733f
// 同步 ID: a81b882d @ Thu Jul 30 08:27:28 UTC 2026
// 同步 ID: 0a6343c1 @ Thu Jul 30 13:27:39 UTC 2026
